
> frontend@0.1.0 build
> next build

   Γû▓ Next.js 15.1.0
   - Environments: .env.local

   Creating an optimized production build ...
 Γ£ô Compiled successfully
   Linting and checking validity of types ...
node.exe : 
At D:\node js\npm.ps1:29 char:3
+   & $NODE_EXE $NPM_CLI_JS $args
+   ~~~~~~~~~~~~~~~~~~~~~~~~~~~~~
    + CategoryInfo          : NotSpecifie 
   d: (:String) [], RemoteException
    + FullyQualifiedErrorId : NativeComma 
   ndError
 
Failed to compile.

./app/district/page.tsx
81:6  Warning: React Hook useEffect has a 
missing dependency: 
'fetchAvailableYears'. Either include it 
or remove the dependency array.  
react-hooks/exhaustive-deps
101:6  Warning: React Hook useEffect has 
a missing dependency: 'fetchData'. Either 
include it or remove the dependency 
array.  react-hooks/exhaustive-deps

./app/forecast/page.tsx
70:8  Warning: React Hook useEffect has a 
missing dependency: 'fetchSummary'. 
Either include it or remove the 
dependency array.  
react-hooks/exhaustive-deps
87:8  Warning: React Hook useEffect has a 
missing dependency: 'fetchInitialData'. 
Either include it or remove the 
dependency array.  
react-hooks/exhaustive-deps

./app/map/page.tsx
17:3  Error: 'Alert' is defined but never 
used.  @typescript-eslint/no-unused-vars
57:37  Error: 'error' is assigned a value 
but never used.  
@typescript-eslint/no-unused-vars

./app/page.tsx
10:3  Error: 'Card' is defined but never 
used.  @typescript-eslint/no-unused-vars
11:3  Error: 'CardContent' is defined but 
never used.  
@typescript-eslint/no-unused-vars
49:55  Error: Unexpected any. Specify a 
different type.  
@typescript-eslint/no-explicit-any

info  - Need to disable some ESLint 
rules? Learn more here: https://nextjs.org
/docs/app/api-reference/config/eslint#disa
bling-rules
